Archive member included to satisfy reference by file (symbol)

c:/program files (x86)/atmel/studio/7.0/toolchain/avr8/avr8-gnu-toolchain/bin/../lib/gcc/avr/4.9.2/../../../../avr/lib/avr4\libm.a(addsf3.o)
                              src/Print.o (__subsf3)
c:/program files (x86)/atmel/studio/7.0/toolchain/avr8/avr8-gnu-toolchain/bin/../lib/gcc/avr/4.9.2/../../../../avr/lib/avr4\libm.a(addsf3x.o)
                              c:/program files (x86)/atmel/studio/7.0/toolchain/avr8/avr8-gnu-toolchain/bin/../lib/gcc/avr/4.9.2/../../../../avr/lib/avr4\libm.a(addsf3.o) (__addsf3x)
c:/program files (x86)/atmel/studio/7.0/toolchain/avr8/avr8-gnu-toolchain/bin/../lib/gcc/avr/4.9.2/../../../../avr/lib/avr4\libm.a(cmpsf2.o)
                              src/Print.o (__ltsf2)
c:/program files (x86)/atmel/studio/7.0/toolchain/avr8/avr8-gnu-toolchain/bin/../lib/gcc/avr/4.9.2/../../../../avr/lib/avr4\libm.a(divsf3.o)
                              src/Print.o (__divsf3)
c:/program files (x86)/atmel/studio/7.0/toolchain/avr8/avr8-gnu-toolchain/bin/../lib/gcc/avr/4.9.2/../../../../avr/lib/avr4\libm.a(divsf3x.o)
                              c:/program files (x86)/atmel/studio/7.0/toolchain/avr8/avr8-gnu-toolchain/bin/../lib/gcc/avr/4.9.2/../../../../avr/lib/avr4\libm.a(divsf3.o) (__divsf3x)
c:/program files (x86)/atmel/studio/7.0/toolchain/avr8/avr8-gnu-toolchain/bin/../lib/gcc/avr/4.9.2/../../../../avr/lib/avr4\libm.a(fixsfsi.o)
                              src/Print.o (__fixsfsi)
c:/program files (x86)/atmel/studio/7.0/toolchain/avr8/avr8-gnu-toolchain/bin/../lib/gcc/avr/4.9.2/../../../../avr/lib/avr4\libm.a(fixunssfsi.o)
                              src/Print.o (__fixunssfsi)
c:/program files (x86)/atmel/studio/7.0/toolchain/avr8/avr8-gnu-toolchain/bin/../lib/gcc/avr/4.9.2/../../../../avr/lib/avr4\libm.a(floatsisf.o)
                              src/Print.o (__floatunsisf)
c:/program files (x86)/atmel/studio/7.0/toolchain/avr8/avr8-gnu-toolchain/bin/../lib/gcc/avr/4.9.2/../../../../avr/lib/avr4\libm.a(fp_cmp.o)
                              c:/program files (x86)/atmel/studio/7.0/toolchain/avr8/avr8-gnu-toolchain/bin/../lib/gcc/avr/4.9.2/../../../../avr/lib/avr4\libm.a(cmpsf2.o) (__fp_cmp)
c:/program files (x86)/atmel/studio/7.0/toolchain/avr8/avr8-gnu-toolchain/bin/../lib/gcc/avr/4.9.2/../../../../avr/lib/avr4\libm.a(fp_inf.o)
                              c:/program files (x86)/atmel/studio/7.0/toolchain/avr8/avr8-gnu-toolchain/bin/../lib/gcc/avr/4.9.2/../../../../avr/lib/avr4\libm.a(addsf3x.o) (__fp_inf)
c:/program files (x86)/atmel/studio/7.0/toolchain/avr8/avr8-gnu-toolchain/bin/../lib/gcc/avr/4.9.2/../../../../avr/lib/avr4\libm.a(fp_nan.o)
                              c:/program files (x86)/atmel/studio/7.0/toolchain/avr8/avr8-gnu-toolchain/bin/../lib/gcc/avr/4.9.2/../../../../avr/lib/avr4\libm.a(addsf3x.o) (__fp_nan)
c:/program files (x86)/atmel/studio/7.0/toolchain/avr8/avr8-gnu-toolchain/bin/../lib/gcc/avr/4.9.2/../../../../avr/lib/avr4\libm.a(fp_pscA.o)
                              c:/program files (x86)/atmel/studio/7.0/toolchain/avr8/avr8-gnu-toolchain/bin/../lib/gcc/avr/4.9.2/../../../../avr/lib/avr4\libm.a(addsf3x.o) (__fp_pscA)
c:/program files (x86)/atmel/studio/7.0/toolchain/avr8/avr8-gnu-toolchain/bin/../lib/gcc/avr/4.9.2/../../../../avr/lib/avr4\libm.a(fp_pscB.o)
                              c:/program files (x86)/atmel/studio/7.0/toolchain/avr8/avr8-gnu-toolchain/bin/../lib/gcc/avr/4.9.2/../../../../avr/lib/avr4\libm.a(addsf3x.o) (__fp_pscB)
c:/program files (x86)/atmel/studio/7.0/toolchain/avr8/avr8-gnu-toolchain/bin/../lib/gcc/avr/4.9.2/../../../../avr/lib/avr4\libm.a(fp_round.o)
                              c:/program files (x86)/atmel/studio/7.0/toolchain/avr8/avr8-gnu-toolchain/bin/../lib/gcc/avr/4.9.2/../../../../avr/lib/avr4\libm.a(addsf3.o) (__fp_round)
c:/program files (x86)/atmel/studio/7.0/toolchain/avr8/avr8-gnu-toolchain/bin/../lib/gcc/avr/4.9.2/../../../../avr/lib/avr4\libm.a(fp_split3.o)
                              c:/program files (x86)/atmel/studio/7.0/toolchain/avr8/avr8-gnu-toolchain/bin/../lib/gcc/avr/4.9.2/../../../../avr/lib/avr4\libm.a(addsf3x.o) (__fp_split3)
c:/program files (x86)/atmel/studio/7.0/toolchain/avr8/avr8-gnu-toolchain/bin/../lib/gcc/avr/4.9.2/../../../../avr/lib/avr4\libm.a(fp_zero.o)
                              c:/program files (x86)/atmel/studio/7.0/toolchain/avr8/avr8-gnu-toolchain/bin/../lib/gcc/avr/4.9.2/../../../../avr/lib/avr4\libm.a(addsf3x.o) (__fp_zero)
c:/program files (x86)/atmel/studio/7.0/toolchain/avr8/avr8-gnu-toolchain/bin/../lib/gcc/avr/4.9.2/../../../../avr/lib/avr4\libm.a(gesf2.o)
                              src/Print.o (__gtsf2)
c:/program files (x86)/atmel/studio/7.0/toolchain/avr8/avr8-gnu-toolchain/bin/../lib/gcc/avr/4.9.2/../../../../avr/lib/avr4\libm.a(mulsf3.o)
                              src/Print.o (__mulsf3)
[...]
Memory Configuration

Name             Origin             Length             Attributes
text             0x00000000         0x00002000         xr
data             0x00800060         0x0000ffa0         rw !x
eeprom           0x00810000         0x00010000         rw !x
fuse             0x00820000         0x00000400         rw !x
lock             0x00830000         0x00000400         rw !x
signature        0x00840000         0x00000400         rw !x
user_signatures  0x00850000         0x00000400         rw !x
*default*        0x00000000         0xffffffff

Linker script and memory map

LOAD C:/Program Files (x86)/Atmel/Studio/7.0/Packs/atmel/ATmega_DFP/1.0.90/gcc/dev/atmega8/avr4/crtatmega8.o
LOAD Sketch.o
LOAD src/abi.o
LOAD src/CDC.o
LOAD src/HardwareSerial.o
LOAD src/HardwareSerial0.o
LOAD src/HardwareSerial1.o
LOAD src/HardwareSerial2.o
LOAD src/HardwareSerial3.o
LOAD src/HID.o
LOAD src/hooks.o
LOAD src/IPAddress.o
LOAD src/main.o
LOAD src/new.o
LOAD src/Print.o
LOAD src/Stream.o
LOAD src/Tone.o
LOAD src/USBCore.o
LOAD src/WInterrupts.o
LOAD src/wiring.o
LOAD src/wiring_analog.o
LOAD src/wiring_digital.o
LOAD src/wiring_pulse.o
LOAD src/wiring_shift.o
LOAD src/WMath.o
LOAD src/WString.o
LOAD VirtualWire.o
START GROUP
LOAD c:/program files (x86)/atmel/studio/7.0/toolchain/avr8/avr8-gnu-toolchain/bin/../lib/gcc/avr/4.9.2/../../../../avr/lib/avr4\libm.a
END GROUP
LOAD c:/program files (x86)/atmel/studio/7.0/toolchain/avr8/avr8-gnu-toolchain/bin/../lib/gcc/avr/4.9.2/avr4\libgcc.a
LOAD c:/program files (x86)/atmel/studio/7.0/toolchain/avr8/avr8-gnu-toolchain/bin/../lib/gcc/avr/4.9.2/../../../../avr/lib/avr4\libm.a
START GROUP
LOAD c:/program files (x86)/atmel/studio/7.0/toolchain/avr8/avr8-gnu-toolchain/bin/../lib/gcc/avr/4.9.2/avr4\libgcc.a
LOAD c:/program files (x86)/atmel/studio/7.0/toolchain/avr8/avr8-gnu-toolchain/bin/../lib/gcc/avr/4.9.2/../../../../avr/lib/avr4\libm.a
LOAD c:/program files (x86)/atmel/studio/7.0/toolchain/avr8/avr8-gnu-toolchain/bin/../lib/gcc/avr/4.9.2/../../../../avr/lib/avr4\libc.a
LOAD C:/Program Files (x86)/Atmel/Studio/7.0/Packs/atmel/ATmega_DFP/1.0.90/gcc/dev/atmega8/avr4\libatmega8.a
END GROUP

.hash
 *(.hash)

.dynsym
 *(.dynsym)

.dynstr
 *(.dynstr)

.gnu.version
 *(.gnu.version)

.gnu.version_d
 *(.gnu.version_d)

.gnu.version_r
 *(.gnu.version_r)

.rel.init
 *(.rel.init)

.rela.init
 *(.rela.init)

.rel.text
 *(.rel.text)
 *(.rel.text.*)
 *(.rel.gnu.linkonce.t*)

.rela.text
 *(.rela.text)
 *(.rela.text.*)
 *(.rela.gnu.linkonce.t*)

.rel.fini
 *(.rel.fini)

.rela.fini
 *(.rela.fini)

.rel.rodata
 *(.rel.rodata)
 *(.rel.rodata.*)
 *(.rel.gnu.linkonce.r*)

.rela.rodata
 *(.rela.rodata)
 *(.rela.rodata.*)
 *(.rela.gnu.linkonce.r*)

.rel.data
 *(.rel.data)
 *(.rel.data.*)
 *(.rel.gnu.linkonce.d*)

.rela.data
 *(.rela.data)
 *(.rela.data.*)
 *(.rela.gnu.linkonce.d*)

.rel.ctors
 *(.rel.ctors)

.rela.ctors
 *(.rela.ctors)

.rel.dtors
 *(.rel.dtors)

.rela.dtors
 *(.rela.dtors)

.rel.got
 *(.rel.got)

.rela.got
 *(.rela.got)

.rel.bss
 *(.rel.bss)

.rela.bss
 *(.rela.bss)

.rel.plt
 *(.rel.plt)

.rela.plt
 *(.rela.plt)

.text           0x00000000     0x1414
 *(.vectors)
 .vectors       0x00000000       0x26 C:/Program Files (x86)/Atmel/Studio/7.0/Packs/atmel/ATmega_DFP/1.0.90/gcc/dev/atmega8/avr4/crtatmega8.o
                0x00000000                __vector_default
                0x00000000                __vectors
 *(.vectors)
 *(.progmem.gcc*)
                0x00000026                . = ALIGN (0x2)
                0x00000026                __trampolines_start = .
 *(.trampolines)
 .trampolines   0x00000026        0x0 linker stubs
 *(.trampolines*)
                0x00000026                __trampolines_end = .
 *(.progmem*)
 .progmem.data._ZL21tone_pin_to_timer_PGM
                0x00000026        0x1 src/Tone.o
 .progmem.data.digital_pin_to_timer_PGM
                0x00000027       0x14 src/wiring_digital.o
                0x00000027                digital_pin_to_timer_PGM
 .progmem.data.digital_pin_to_bit_mask_PGM
                0x0000003b       0x14 src/wiring_digital.o
                0x0000003b                digital_pin_to_bit_mask_PGM
 .progmem.data.digital_pin_to_port_PGM
                0x0000004f       0x14 src/wiring_digital.o
                0x0000004f                digital_pin_to_port_PGM
 .progmem.data.port_to_input_PGM
                0x00000063        0xa src/wiring_digital.o
                0x00000063                port_to_input_PGM
 .progmem.data.port_to_output_PGM
                0x0000006d        0xa src/wiring_digital.o
                0x0000006d                port_to_output_PGM
 .progmem.data.port_to_mode_PGM
                0x00000077        0xa src/wiring_digital.o
                0x00000077                port_to_mode_PGM
                0x00000082                . = ALIGN (0x2)
 *fill*         0x00000081        0x1 
 *(.jumptables)
 *(.jumptables*)
 *(.lowtext)
 *(.lowtext*)
                0x00000082                __ctors_start = .
 *(.ctors)
 .ctors         0x00000082        0x2 src/HardwareSerial0.o
 .ctors         0x00000084        0x2 src/IPAddress.o
                0x00000086                __ctors_end = .
                0x00000086                __dtors_start = .
 *(.dtors)
                0x00000086                __dtors_end = .
 SORT(*)(.ctors)
 SORT(*)(.dtors)
 *(.init0)
 .init0         0x00000086        0x0 C:/Program Files (x86)/Atmel/Studio/7.0/Packs/atmel/ATmega_DFP/1.0.90/gcc/dev/atmega8/avr4/crtatmega8.o
                0x00000086                __init
 *(.init0)
 *(.init1)
 *(.init1)
 *(.init2)
 .init2         0x00000086        0xc C:/Program Files (x86)/Atmel/Studio/7.0/Packs/atmel/ATmega_DFP/1.0.90/gcc/dev/atmega8/avr4/crtatmega8.o
 *(.init2)
 *(.init3)
 *(.init3)
 *(.init4)
 .init4         0x00000092       0x16 c:/program files (x86)/atmel/studio/7.0/toolchain/avr8/avr8-gnu-toolchain/bin/../lib/gcc/avr/4.9.2/avr4\libgcc.a(_copy_data.o)
                0x00000092                __do_copy_data
 .init4         0x000000a8       0x10 c:/program files (x86)/atmel/studio/7.0/toolchain/avr8/avr8-gnu-toolchain/bin/../lib/gcc/avr/4.9.2/avr4\libgcc.a(_clear_bss.o)
                0x000000a8                __do_clear_bss
 *(.init4)
 *(.init5)
 *(.init5)
 *(.init6)
 .init6         0x000000b8       0x14 c:/program files (x86)/atmel/studio/7.0/toolchain/avr8/avr8-gnu-toolchain/bin/../lib/gcc/avr/4.9.2/avr4\libgcc.a(_ctors.o)
                0x000000b8                __do_global_ctors
 *(.init6)
 *(.init7)
 *(.init7)
 *(.init8)
 *(.init8)
 *(.init9)
 .init9         0x000000cc        0x4 C:/Program Files (x86)/Atmel/Studio/7.0/Packs/atmel/ATmega_DFP/1.0.90/gcc/dev/atmega8/avr4/crtatmega8.o
 *(.init9)
 *(.text)
 .text          0x000000d0        0x2 C:/Program Files (x86)/Atmel/Studio/7.0/Packs/atmel/ATmega_DFP/1.0.90/gcc/dev/atmega8/avr4/crtatmega8.o
                0x000000d0                __bad_interrupt
                0x000000d0                __vector_13
                0x000000d0                __vector_17
                0x000000d0                __vector_7
                0x000000d0                __vector_5
                0x000000d0                __vector_4
                0x000000d0                __vector_15
                0x000000d0                __vector_8
                0x000000d0                __vector_14
                0x000000d0                __vector_10
                0x000000d0                __vector_16
                0x000000d0                __vector_18
                0x000000d2                . = ALIGN (0x2)
 *(.text.*)
 .text.setup    0x000000d2       0x2e Sketch.o
                0x000000d2                setup
 .text.loop     0x00000100       0xa6 Sketch.o
                0x00000100                loop
 .text._ZN14HardwareSerial9availableEv
                0x000001a6       0x18 src/HardwareSerial.o
                0x000001a6                _ZN14HardwareSerial9availableEv
 .text._ZN14HardwareSerial4peekEv
                0x000001be       0x1c src/HardwareSerial.o
                0x000001be                _ZN14HardwareSerial4peekEv
 .text._ZN14HardwareSerial4readEv
                0x000001da       0x28 src/HardwareSerial.o
                0x000001da                _ZN14HardwareSerial4readEv
 .text._Z14serialEventRunv
                0x00000202       0x18 src/HardwareSerial.o
                0x00000202                _Z14serialEventRunv
 .text._ZN14HardwareSerial17_tx_udr_empty_irqEv
                0x0000021a       0x54 src/HardwareSerial.o
                0x0000021a                _ZN14HardwareSerial17_tx_udr_empty_irqEv
 .text._ZN14HardwareSerial5flushEv
                0x0000026e       0x42 src/HardwareSerial.o
                0x0000026e                _ZN14HardwareSerial5flushEv
 .text._ZN14HardwareSerial5writeEh
                0x000002b0       0x9c src/HardwareSerial.o
                0x000002b0                _ZN14HardwareSerial5writeEh
 .text._ZN14HardwareSerial5beginEmh
                0x0000034c       0xd2 src/HardwareSerial.o
                0x0000034c                _ZN14HardwareSerial5beginEmh
 .text.__vector_11
                0x0000041e       0x70 src/HardwareSerial0.o
                0x0000041e                __vector_11
 .text.__vector_12
                0x0000048e       0x4a src/HardwareSerial0.o
                0x0000048e                __vector_12
 .text._Z17Serial0_availablev
                0x000004d8       0x12 src/HardwareSerial0.o
                0x000004d8                _Z17Serial0_availablev
 .text._GLOBAL__sub_I___vector_11
                0x000004ea       0x56 src/HardwareSerial0.o
 .text._ZNK9IPAddress7printToER5Print
                0x00000540       0x7e src/IPAddress.o
                0x00000540                _ZNK9IPAddress7printToER5Print
 .text._GLOBAL__sub_I__ZN9IPAddressC2Ev
                0x000005be       0x16 src/IPAddress.o
 .text.initVariant
                0x000005d4        0x2 src/main.o
                0x000005d4                initVariant
 .text.main     0x000005d6       0x14 src/main.o
                0x000005d6                main
 .text._ZN5Print5writeEPKhj
                0x000005ea       0x5a src/Print.o
                0x000005ea                _ZN5Print5writeEPKhj
 .text._ZN5Print5printEPKc
                0x00000644       0x2c src/Print.o
                0x00000644                _ZN5Print5printEPKc
 .text._ZN5Print5printEc
                0x00000670       0x10 src/Print.o
                0x00000670                _ZN5Print5printEc
 .text._ZN5Print7printlnEv
                0x00000680       0x18 src/Print.o
                0x00000680                _ZN5Print7printlnEv
 .text._ZN5Print7printlnEPKc
                0x00000698       0x20 src/Print.o
                0x00000698                _ZN5Print7printlnEPKc
 .text._ZN5Print11printNumberEmh
                0x000006b8       0xe4 src/Print.o
                0x000006b8                _ZN5Print11printNumberEmh
 .text._ZN5Print5printEmi
                0x0000079c       0x1c src/Print.o
                0x0000079c                _ZN5Print5printEmi
 .text._ZN5Print5printEhi
                0x000007b8        0xe src/Print.o
                0x000007b8                _ZN5Print5printEhi
 .text._Z12disableTimerh
                0x000007c6       0x2e src/Tone.o
                0x000007c6                _Z12disableTimerh
 .text._Z6noToneh
                0x000007f4       0x2a src/Tone.o
                0x000007f4                _Z6noToneh
 .text.__vector_3
                0x0000081e       0xb6 src/Tone.o
                0x0000081e                __vector_3
 .text.__vector_1
                0x000008d4       0x5a src/WInterrupts.o
                0x000008d4                __vector_1
 .text.__vector_2
                0x0000092e       0x5a src/WInterrupts.o
                0x0000092e                __vector_2
 .text.__vector_9
                0x00000988       0x94 src/wiring.o
                0x00000988                __vector_9
 .text.millis   0x00000a1c       0x18 src/wiring.o
                0x00000a1c                millis
 .text.init     0x00000a34       0x40 src/wiring.o
                0x00000a34                init
 .text.turnOffPWM
                0x00000a74       0x24 src/wiring_digital.o
 .text.pinMode  0x00000a98       0x7e src/wiring_digital.o
                0x00000a98                pinMode
 .text.digitalWrite
                0x00000b16       0x60 src/wiring_digital.o
                0x00000b16                digitalWrite
 .text.digitalRead
                0x00000b76       0x50 src/wiring_digital.o
                0x00000b76                digitalRead
 .text.vw_crc   0x00000bc6       0x40 VirtualWire.o
                0x00000bc6                vw_crc
 .text.vw_symbol_6to4
                0x00000c06       0x22 VirtualWire.o
                0x00000c06                vw_symbol_6to4
 .text.vw_set_rx_pin
                0x00000c28        0x6 VirtualWire.o
                0x00000c28                vw_set_rx_pin
 .text.vw_pll   0x00000c2e      0x14e VirtualWire.o
                0x00000c2e                vw_pll
 .text.vw_setup
                0x00000d7c      0x14a VirtualWire.o
                0x00000d7c                vw_setup
 .text.vw_tx_stop
                0x00000ec6       0x18 VirtualWire.o
                0x00000ec6                vw_tx_stop
 .text.vw_rx_start
                0x00000ede       0x14 VirtualWire.o
                0x00000ede                vw_rx_start
 .text.vw_wait_rx
                0x00000ef2        0xa VirtualWire.o
                0x00000ef2                vw_wait_rx
 .text.vw_wait_rx_max
                0x00000efc       0x50 VirtualWire.o
                0x00000efc                vw_wait_rx_max
 .text.vw_get_message
                0x00000f4c       0x40 VirtualWire.o
                0x00000f4c                vw_get_message
 .text.__vector_6
                0x00000f8c       0xfc VirtualWire.o
                0x00000f8c                __vector_6
 .text.avr-libc.fplib
                0x00001088        0x4 c:/program files (x86)/atmel/studio/7.0/toolchain/avr8/avr8-gnu-toolchain/bin/../lib/gcc/avr/4.9.2/../../../../avr/lib/avr4\libm.a(divsf3.o)
                0x00001088                __divsf3
 .text.avr-libc.fplib
                0x0000108c       0xcc c:/program files (x86)/atmel/studio/7.0/toolchain/avr8/avr8-gnu-toolchain/bin/../lib/gcc/avr/4.9.2/../../../../avr/lib/avr4\libm.a(divsf3x.o)
                0x000010a2                __divsf3x
                0x000010a6                __divsf3_pse
 .text.avr-libc.fplib
                0x00001158        0xa c:/program files (x86)/atmel/studio/7.0/toolchain/avr8/avr8-gnu-toolchain/bin/../lib/gcc/avr/4.9.2/../../../../avr/lib/avr4\libm.a(fixsfsi.o)
                0x00001158                __fixsfsi
 .text.avr-libc.fplib
                0x00001162       0x58 c:/program files (x86)/atmel/studio/7.0/toolchain/avr8/avr8-gnu-toolchain/bin/../lib/gcc/avr/4.9.2/../../../../avr/lib/avr4\libm.a(fixunssfsi.o)
                0x00001162                __fixunssfsi
 .text.avr-libc.fplib
                0x000011ba       0x7a c:/program files (x86)/atmel/studio/7.0/toolchain/avr8/avr8-gnu-toolchain/bin/../lib/gcc/avr/4.9.2/../../../../avr/lib/avr4\libm.a(floatsisf.o)
                0x000011ba                __floatunsisf
                0x000011be                __floatsisf
 .text.avr-libc.fplib
                0x00001234        0xc c:/program files (x86)/atmel/studio/7.0/toolchain/avr8/avr8-gnu-toolchain/bin/../lib/gcc/avr/4.9.2/../../../../avr/lib/avr4\libm.a(fp_inf.o)
                0x00001234                __fp_inf
 .text.avr-libc.fplib
                0x00001240        0x6 c:/program files (x86)/atmel/studio/7.0/toolchain/avr8/avr8-gnu-toolchain/bin/../lib/gcc/avr/4.9.2/../../../../avr/lib/avr4\libm.a(fp_nan.o)
                0x00001240                __fp_nan
 .text.avr-libc.fplib
                0x00001246        0xe c:/program files (x86)/atmel/studio/7.0/toolchain/avr8/avr8-gnu-toolchain/bin/../lib/gcc/avr/4.9.2/../../../../avr/lib/avr4\libm.a(fp_pscA.o)
                0x00001246                __fp_pscA
 .text.avr-libc.fplib
                0x00001254        0xe c:/program files (x86)/atmel/studio/7.0/toolchain/avr8/avr8-gnu-toolchain/bin/../lib/gcc/avr/4.9.2/../../../../avr/lib/avr4\libm.a(fp_pscB.o)
                0x00001254                __fp_pscB
 .text.avr-libc.fplib
                0x00001262       0x22 c:/program files (x86)/atmel/studio/7.0/toolchain/avr8/avr8-gnu-toolchain/bin/../lib/gcc/avr/4.9.2/../../../../avr/lib/avr4\libm.a(fp_round.o)
                0x00001262                __fp_round
 .text.avr-libc.fplib
                0x00001284       0x44 c:/program files (x86)/atmel/studio/7.0/toolchain/avr8/avr8-gnu-toolchain/bin/../lib/gcc/avr/4.9.2/../../../../avr/lib/avr4\libm.a(fp_split3.o)
                0x00001284                __fp_split3
                0x00001294                __fp_splitA
 .text.avr-libc.fplib
                0x000012c8        0xe c:/program files (x86)/atmel/studio/7.0/toolchain/avr8/avr8-gnu-toolchain/bin/../lib/gcc/avr/4.9.2/../../../../avr/lib/avr4\libm.a(fp_zero.o)
                0x000012c8                __fp_zero
                0x000012ca                __fp_szero
 .text.avr-libc.fplib
                0x000012d6        0x4 c:/program files (x86)/atmel/studio/7.0/toolchain/avr8/avr8-gnu-toolchain/bin/../lib/gcc/avr/4.9.2/../../../../avr/lib/avr4\libm.a(mulsf3.o)
                0x000012d6                __mulsf3
 .text.avr-libc.fplib
                0x000012da       0xc2 c:/program files (x86)/atmel/studio/7.0/toolchain/avr8/avr8-gnu-toolchain/bin/../lib/gcc/avr/4.9.2/../../../../avr/lib/avr4\libm.a(mulsf3x.o)
                0x000012ee                __mulsf3x
                0x000012f2                __mulsf3_pse
 .text.libgcc.div
                0x0000139c       0x44 c:/program files (x86)/atmel/studio/7.0/toolchain/avr8/avr8-gnu-toolchain/bin/../lib/gcc/avr/4.9.2/avr4\libgcc.a(_udivmodsi4.o)
                0x0000139c                __udivmodsi4
 .text.libgcc   0x000013e0        0xc c:/program files (x86)/atmel/studio/7.0/toolchain/avr8/avr8-gnu-toolchain/bin/../lib/gcc/avr/4.9.2/avr4\libgcc.a(_tablejump2.o)
                0x000013e0                __tablejump2__
 .text.avr-libc
                0x000013ec       0x12 c:/program files (x86)/atmel/studio/7.0/toolchain/avr8/avr8-gnu-toolchain/bin/../lib/gcc/avr/4.9.2/../../../../avr/lib/avr4\libc.a(memcpy.o)
                0x000013ec                memcpy
 .text.avr-libc
                0x000013fe       0x12 c:/program files (x86)/atmel/studio/7.0/toolchain/avr8/avr8-gnu-toolchain/bin/../lib/gcc/avr/4.9.2/../../../../avr/lib/avr4\libc.a(strcmp.o)
                0x000013fe                strcmp
                0x00001410                . = ALIGN (0x2)
 *(.fini9)
 .fini9         0x00001410        0x0 c:/program files (x86)/atmel/studio/7.0/toolchain/avr8/avr8-gnu-toolchain/bin/../lib/gcc/avr/4.9.2/avr4\libgcc.a(_exit.o)
                0x00001410                _exit
                0x00001410                exit
 *(.fini9)
 *(.fini8)
 *(.fini8)
 *(.fini7)
 *(.fini7)
 *(.fini6)
 *(.fini6)
 *(.fini5)
 *(.fini5)
 *(.fini4)
 *(.fini4)
 *(.fini3)
 *(.fini3)
 *(.fini2)
 *(.fini2)
 *(.fini1)
 *(.fini1)
 *(.fini0)
 .fini0         0x00001410        0x4 c:/program files (x86)/atmel/studio/7.0/toolchain/avr8/avr8-gnu-toolchain/bin/../lib/gcc/avr/4.9.2/avr4\libgcc.a(_exit.o)
 *(.fini0)
                0x00001414                _etext = .

.data           0x00800060       0xa8 load address 0x00001414
                0x00800060                PROVIDE (__data_start, .)
 *(.data)
 *(.data*)
 .data._ZL9tone_pins
                0x00800060        0x1 src/Tone.o
 .data._ZL9vw_tx_pin
                0x00800061        0x1 VirtualWire.o
 .data._ZL9vw_rx_pin
                0x00800062        0x1 VirtualWire.o
 .data._ZL10vw_ptt_pin
                0x00800063        0x1 VirtualWire.o
 .data._ZL9vw_tx_buf
                0x00800064       0x44 VirtualWire.o
 *(.rodata)
 .rodata        0x008000a8        0xe VirtualWire.o
 *(.rodata*)
 .rodata.str1.1
                0x008000b6       0x1b Sketch.o
 .rodata._ZTV14HardwareSerial
                0x008000d1       0x10 src/HardwareSerial.o
                0x008000d1                _ZTV14HardwareSerial
 .rodata._ZTV9IPAddress
                0x008000e1        0x6 src/IPAddress.o
                0x008000e1                _ZTV9IPAddress
 .rodata.str1.1
                0x008000e7       0x11 src/Print.o
 .rodata._ZL7symbols
                0x008000f8       0x10 VirtualWire.o
 *(.gnu.linkonce.d*)
                0x00800108                . = ALIGN (0x2)
                0x00800108                _edata = .
                0x00800108                PROVIDE (__data_end, .)

.bss            0x00800108       0xeb
                0x00800108                PROVIDE (__bss_start, .)
 *(.bss)
 *(.bss*)
 .bss.Serial    0x00800108       0x9d src/HardwareSerial0.o
                0x00800108                Serial
 .bss._ZL11INADDR_NONE
                0x008001a5        0x6 src/IPAddress.o
 .bss.timer2_pin_mask
                0x008001ab        0x1 src/Tone.o
                0x008001ab                timer2_pin_mask
 .bss.timer2_pin_port
                0x008001ac        0x2 src/Tone.o
                0x008001ac                timer2_pin_port
 .bss.timer2_toggle_count
                0x008001ae        0x4 src/Tone.o
                0x008001ae                timer2_toggle_count
 .bss.intFunc   0x008001b2        0x4 src/WInterrupts.o
 .bss.timer0_fract
                0x008001b6        0x1 src/wiring.o
 .bss.timer0_millis
                0x008001b7        0x4 src/wiring.o
                0x008001b7                timer0_millis
 .bss.timer0_overflow_count
                0x008001bb        0x4 src/wiring.o
                0x008001bb                timer0_overflow_count
 .bss._ZL10vw_rx_good
                0x008001bf        0x1 VirtualWire.o
 .bss._ZL9vw_rx_bad
                0x008001c0        0x1 VirtualWire.o
 .bss._ZL9vw_rx_len
                0x008001c1        0x1 VirtualWire.o
 .bss._ZL11vw_rx_count
                0x008001c2        0x1 VirtualWire.o
 .bss._ZL9vw_rx_buf
                0x008001c3       0x1e VirtualWire.o
 .bss._ZL15vw_rx_bit_count
                0x008001e1        0x1 VirtualWire.o
 .bss._ZL10vw_rx_bits
                0x008001e2        0x2 VirtualWire.o
 .bss._ZL13vw_rx_enabled
                0x008001e4        0x1 VirtualWire.o
 .bss._ZL10vw_rx_done
                0x008001e5        0x1 VirtualWire.o
 .bss._ZL12vw_rx_active
                0x008001e6        0x1 VirtualWire.o
 .bss._ZL16vw_rx_integrator
                0x008001e7        0x1 VirtualWire.o
 .bss._ZL14vw_rx_pll_ramp
                0x008001e8        0x1 VirtualWire.o
 .bss._ZL17vw_rx_last_sample
                0x008001e9        0x1 VirtualWire.o
 .bss._ZL12vw_rx_sample
                0x008001ea        0x1 VirtualWire.o
 .bss._ZL15vw_ptt_inverted
                0x008001eb        0x1 VirtualWire.o
 .bss._ZL15vw_tx_msg_count
                0x008001ec        0x2 VirtualWire.o
 .bss._ZL13vw_tx_enabled
                0x008001ee        0x1 VirtualWire.o
 .bss._ZL12vw_tx_sample
                0x008001ef        0x1 VirtualWire.o
 .bss._ZL9vw_tx_bit
                0x008001f0        0x1 VirtualWire.o
 .bss._ZL11vw_tx_index
                0x008001f1        0x1 VirtualWire.o
 .bss._ZL9vw_tx_len
                0x008001f2        0x1 VirtualWire.o
 *(COMMON)
                0x008001f3                PROVIDE (__bss_end, .)
                0x00001414                __data_load_start = LOADADDR (.data)
                0x000014bc                __data_load_end = (__data_load_start + SIZEOF (.data))

.noinit         0x008001f3        0x0
                0x008001f3                PROVIDE (__noinit_start, .)
 *(.noinit*)
                0x008001f3                PROVIDE (__noinit_end, .)
                0x008001f3                _end = .
                0x008001f3                PROVIDE (__heap_start, .)

.eeprom         0x00810000        0x0
 *(.eeprom*)
                0x00810000                __eeprom_end = .

.fuse
 *(.fuse)
 *(.lfuse)
 *(.hfuse)
 *(.efuse)

.lock
 *(.lock*)

.signature
 *(.signature*)

.user_signatures
 *(.user_signatures*)

.stab
 *(.stab)

.stabstr
 *(.stabstr)

.stab.excl
 *(.stab.excl)

.stab.exclstr
 *(.stab.exclstr)

.stab.index
 *(.stab.index)

.stab.indexstr
 *(.stab.indexstr)

.comment        0x00000000       0x30
 *(.comment)
 .comment       0x00000000       0x30 Sketch.o
                                 0x31 (size before relaxing)
 .comment       0x00000030       0x31 src/HardwareSerial.o
 .comment       0x00000030       0x31 src/HardwareSerial0.o
 .comment       0x00000030       0x31 src/IPAddress.o
 .comment       0x00000030       0x31 src/main.o
 .comment       0x00000030       0x31 src/Print.o
 .comment       0x00000030       0x31 src/Tone.o
 .comment       0x00000030       0x31 src/WInterrupts.o
 .comment       0x00000030       0x31 src/wiring.o
 .comment       0x00000030       0x31 src/wiring_digital.o
 .comment       0x00000030       0x31 VirtualWire.o

.note.gnu.avr.deviceinfo
                0x00000000       0x3c
 .note.gnu.avr.deviceinfo
                0x00000000       0x3c C:/Program Files (x86)/Atmel/Studio/7.0/Packs/atmel/ATmega_DFP/1.0.90/gcc/dev/atmega8/avr4/crtatmega8.o

.note.gnu.build-id
 *(.note.gnu.build-id)

.debug
 *(.debug)

.line
 *(.line)

.debug_srcinfo
 *(.debug_srcinfo)

.debug_sfnames
 *(.debug_sfnames)

.debug_aranges  0x00000000      0x3e8
 *(.debug_aranges)
 .debug_aranges
                0x00000000       0x28 Sketch.o
 .debug_aranges
                0x00000028       0x68 src/HardwareSerial.o
 .debug_aranges
                0x00000090       0x38 src/HardwareSerial0.o
 .debug_aranges
                0x000000c8       0x60 src/IPAddress.o
 .debug_aranges
                0x00000128       0x30 src/main.o
 .debug_aranges
                0x00000158       0xe8 src/Print.o
 .debug_aranges
                0x00000240       0x38 src/Tone.o
 .debug_aranges
                0x00000278       0x38 src/WInterrupts.o
 .debug_aranges
                0x000002b0       0x48 src/wiring.o
 .debug_aranges
                0x000002f8       0x38 src/wiring_digital.o
 .debug_aranges
                0x00000330       0xb8 VirtualWire.o

.debug_pubnames
 *(.debug_pubnames)

.debug_info     0x00000000     0x832e
 *(.debug_info .gnu.linkonce.wi.*)
 .debug_info    0x00000000      0x55d Sketch.o
 .debug_info    0x0000055d     0x1a4d src/HardwareSerial.o
 .debug_info    0x00001faa     0x1724 src/HardwareSerial0.o
 .debug_info    0x000036ce      0x98f src/IPAddress.o
 .debug_info    0x0000405d      0x1ed src/main.o
 .debug_info    0x0000424a     0x25a5 src/Print.o
 .debug_info    0x000067ef      0x65d src/Tone.o
 .debug_info    0x00006e4c      0x200 src/WInterrupts.o
 .debug_info    0x0000704c      0x2bb src/wiring.o
 .debug_info    0x00007307      0x5d6 src/wiring_digital.o
 .debug_info    0x000078dd      0xa51 VirtualWire.o

.debug_abbrev   0x00000000     0x1a07
 *(.debug_abbrev)
 .debug_abbrev  0x00000000      0x229 Sketch.o
 .debug_abbrev  0x00000229      0x370 src/HardwareSerial.o
 .debug_abbrev  0x00000599      0x35d src/HardwareSerial0.o
 .debug_abbrev  0x000008f6      0x33d src/IPAddress.o
 .debug_abbrev  0x00000c33       0xd1 src/main.o
 .debug_abbrev  0x00000d04      0x3b0 src/Print.o
 .debug_abbrev  0x000010b4      0x261 src/Tone.o
 .debug_abbrev  0x00001315       0xe6 src/WInterrupts.o
 .debug_abbrev  0x000013fb      0x145 src/wiring.o
 .debug_abbrev  0x00001540      0x149 src/wiring_digital.o
 .debug_abbrev  0x00001689      0x37e VirtualWire.o

.debug_line     0x00000000     0x1682
 *(.debug_line .debug_line.* .debug_line_end)
 .debug_line    0x00000000      0x1a8 Sketch.o
 .debug_line    0x000001a8      0x2cc src/HardwareSerial.o
 .debug_line    0x00000474      0x1f2 src/HardwareSerial0.o
 .debug_line    0x00000666      0x212 src/IPAddress.o
 .debug_line    0x00000878      0x10f src/main.o
 .debug_line    0x00000987      0x3ed src/Print.o
 .debug_line    0x00000d74      0x1ae src/Tone.o
 .debug_line    0x00000f22      0x127 src/WInterrupts.o
 .debug_line    0x00001049      0x171 src/wiring.o
 .debug_line    0x000011ba      0x13a src/wiring_digital.o
 .debug_line    0x000012f4      0x38e VirtualWire.o

.debug_frame    0x00000000      0xc48
 *(.debug_frame)
 .debug_frame   0x00000000       0x44 Sketch.o
 .debug_frame   0x00000044      0x104 src/HardwareSerial.o
 .debug_frame   0x00000148       0xcc src/HardwareSerial0.o
 .debug_frame   0x00000214       0xe8 src/IPAddress.o
 .debug_frame   0x000002fc       0x44 src/main.o
 .debug_frame   0x00000340      0x3a8 src/Print.o
 .debug_frame   0x000006e8      0x104 src/Tone.o
 .debug_frame   0x000007ec       0xe4 src/WInterrupts.o
 .debug_frame   0x000008d0       0xbc src/wiring.o
 .debug_frame   0x0000098c       0x7c src/wiring_digital.o
 .debug_frame   0x00000a08      0x240 VirtualWire.o

.debug_str      0x00000000     0x1e69
 *(.debug_str)
 .debug_str     0x00000000      0x2d2 Sketch.o
                                0x323 (size before relaxing)
 .debug_str     0x000002d2      0xf04 src/HardwareSerial.o
                               0x11d3 (size before relaxing)
 .debug_str     0x000011d6       0x86 src/HardwareSerial0.o
                                0xfcd (size before relaxing)
 .debug_str     0x0000125c      0x25c src/IPAddress.o
                                0x50e (size before relaxing)
 .debug_str     0x000014b8       0x28 src/main.o
                                0x23d (size before relaxing)
 .debug_str     0x000014e0      0x35d src/Print.o
                                0xe73 (size before relaxing)
 .debug_str     0x0000183d      0x15d src/Tone.o
                                0x39a (size before relaxing)
 .debug_str     0x0000199a      0x146 src/WInterrupts.o
                                0x218 (size before relaxing)
 .debug_str     0x00001ae0       0x79 src/wiring.o
                                0x229 (size before relaxing)
 .debug_str     0x00001b59       0x6b src/wiring_digital.o
                                0x298 (size before relaxing)
 .debug_str     0x00001bc4      0x2a5 VirtualWire.o
                                0x528 (size before relaxing)

.debug_loc      0x00000000     0x4431
 *(.debug_loc)
 .debug_loc     0x00000000       0x47 Sketch.o
 .debug_loc     0x00000047      0x465 src/HardwareSerial.o
 .debug_loc     0x000004ac      0x17b src/HardwareSerial0.o
 .debug_loc     0x00000627      0x2c0 src/IPAddress.o
 .debug_loc     0x000008e7     0x1ddf src/Print.o
 .debug_loc     0x000026c6      0x9b5 src/Tone.o
 .debug_loc     0x0000307b      0x214 src/WInterrupts.o
 .debug_loc     0x0000328f      0x22a src/wiring.o
 .debug_loc     0x000034b9      0x579 src/wiring_digital.o
 .debug_loc     0x00003a32      0x9ff VirtualWire.o

.debug_macinfo
 *(.debug_macinfo)

.debug_weaknames
 *(.debug_weaknames)

.debug_funcnames
 *(.debug_funcnames)

.debug_typenames
 *(.debug_typenames)

.debug_varnames
 *(.debug_varnames)

.debug_pubtypes
 *(.debug_pubtypes)

.debug_ranges   0x00000000      0x398
 *(.debug_ranges)
 .debug_ranges  0x00000000       0x18 Sketch.o
 .debug_ranges  0x00000018       0x58 src/HardwareSerial.o
 .debug_ranges  0x00000070       0x28 src/HardwareSerial0.o
 .debug_ranges  0x00000098       0x50 src/IPAddress.o
 .debug_ranges  0x000000e8       0x20 src/main.o
 .debug_ranges  0x00000108       0xf0 src/Print.o
 .debug_ranges  0x000001f8       0x58 src/Tone.o
 .debug_ranges  0x00000250       0x28 src/WInterrupts.o
 .debug_ranges  0x00000278       0x38 src/wiring.o
 .debug_ranges  0x000002b0       0x28 src/wiring_digital.o
 .debug_ranges  0x000002d8       0xc0 VirtualWire.o

.debug_macro
 *(.debug_macro)
OUTPUT(water_level_rx.elf elf32-avr)
LOAD linker stubs
